
-> fixed-name

  Version              (devel)
  Dirty Build          no
  Go version           1.19.4
  Compiler             gc
  Platform             fixed-platform