╭ Box ───────────────────────────────────────────────────╮
│                                                        │
│▓▓▓ example                                             │
│                                                        │
│  Version              0.6.1                            │
│  Git Commit           324d022                          │
│  Build Date           01 Apr 22 14:22 CEST (1 year ago)│
│  Commit Date          28 Mar 22 17:32 CEST (1 year ago)│
│  Dirty Build          no                               │
│  Go version           1.19.4                           │
│  Compiler             gc                               │
│  Platform             normalized                       │
│                                                        │
╰────────────────────────────────────────────────────────╯
